11:58:10 **** Incremental Build of configuration Debug for project AXI_GPIO_Adder_app ****
make all 
Building file: ../src/AXI_GPIO_Adder_exe.c
Invoking: ARM v8 gcc compiler
aarch64-none-elf-gcc -Wall -O0 -g3 -c -fmessage-length=0 -MT"src/AXI_GPIO_Adder_exe.o" -I/home/yuhaoliu/Projects/Verilog/AXI-GPIO-Ultra96V2/src/app/AXI_GPIO_Adder_Platform/export/AXI_GPIO_Adder_Platform/sw/AXI_GPIO_Adder_Platform/standalone_domain/bspinclude/include -MMD -MP -MF"src/AXI_GPIO_Adder_exe.d" -MT"src/AXI_GPIO_Adder_exe.o" -o "src/AXI_GPIO_Adder_exe.o" "../src/AXI_GPIO_Adder_exe.c"
Finished building: ../src/AXI_GPIO_Adder_exe.c
 
Building target: AXI_GPIO_Adder_app.elf
Invoking: ARM v8 gcc linker
aarch64-none-elf-gcc -Wl,-T -Wl,../src/lscript.ld -L/home/yuhaoliu/Projects/Verilog/AXI-GPIO-Ultra96V2/src/app/AXI_GPIO_Adder_Platform/export/AXI_GPIO_Adder_Platform/sw/AXI_GPIO_Adder_Platform/standalone_domain/bsplib/lib -o "AXI_GPIO_Adder_app.elf"  ./src/AXI_GPIO_Adder_exe.o ./src/platform.o   -Wl,--start-group,-lxil,-lgcc,-lc,--end-group
Finished building target: AXI_GPIO_Adder_app.elf
 
Invoking: ARM v8 Print Size
aarch64-none-elf-size AXI_GPIO_Adder_app.elf  |tee "AXI_GPIO_Adder_app.elf.size"
   text	   data	    bss	    dec	    hex	filename
  34404	   2128	  20788	  57320	   dfe8	AXI_GPIO_Adder_app.elf
Finished building: AXI_GPIO_Adder_app.elf.size
 

11:58:11 Build Finished (took 833ms)

